// Jest Snapshot v1, https://goo.gl/fbAQLP

exports[`Password restore component snapshot Password restore component render correctly 1`] = `
<div
  id="forgot_password_main"
>
  <div
    id="forgot_password_main__logo_images"
  >
    <img
      id="logo"
      src="JustDoLogo.png"
    />
    <img
      id="background_image"
      src="JustDoComponent.png"
    />
  </div>
  <div
    id="forgot_password_main__components"
  >
    <a
      href="/login"
      id="arrow_link"
      onClick={[Function]}
    >
      <img
        src="ic_arrow_left.svg"
      />
    </a>
    <h1>
      Password restore
    </h1>
    <div
      id="components_helper_text"
    >
       
      Please enter and confirm your new password
       
    </div>
    <div
      id="components__input_components"
    >
      <div
        className="input_components__text_input"
      >
        <div
          className="MuiFormControl-root"
          id="textInput__passwordForm"
        >
          <div
            className="MuiInputBase-root MuiInput-root MuiInput-underline MuiInputBase-formControl MuiInput-formControl"
            onClick={[Function]}
          >
            <input
              aria-invalid={false}
              className="MuiInputBase-input MuiInput-input"
              disabled={false}
              id="password_input"
              onAnimationStart={[Function]}
              onBlur={[Function]}
              onChange={[Function]}
              onFocus={[Function]}
              placeholder="Password"
              required={false}
              type="password"
              value=""
            />
          </div>
          <div
            id="errorMessage"
          />
        </div>
        <div
          className="input_components__text_input"
        >
          <div
            className="MuiFormControl-root"
            id="textInput__passwordConfirmForm"
          >
            <div
              className="MuiInputBase-root MuiInput-root MuiInput-underline MuiInputBase-formControl MuiInput-formControl"
              onClick={[Function]}
            >
              <input
                aria-invalid={false}
                className="MuiInputBase-input MuiInput-input"
                disabled={false}
                id="password_confirm_input"
                onAnimationStart={[Function]}
                onBlur={[Function]}
                onChange={[Function]}
                onFocus={[Function]}
                placeholder="Confirm password"
                required={false}
                type="password"
                value=""
              />
            </div>
            <div
              id="errorMessage"
            />
          </div>
        </div>
        <div
          id="input_components__color_button"
        >
          <button
            className="MuiButtonBase-root MuiButton-root WithStyles(ForwardRef(Button))-root-44 MuiButton-contained MuiButton-containedPrimary"
            disabled={false}
            id="color_button"
            onBlur={[Function]}
            onClick={[Function]}
            onDragLeave={[Function]}
            onFocus={[Function]}
            onKeyDown={[Function]}
            onKeyUp={[Function]}
            onMouseDown={[Function]}
            onMouseLeave={[Function]}
            onMouseUp={[Function]}
            onTouchEnd={[Function]}
            onTouchMove={[Function]}
            onTouchStart={[Function]}
            tabIndex={0}
            type="button"
          >
            <span
              className="MuiButton-label"
            >
              Send
            </span>
          </button>
        </div>
      </div>
    </div>
  </div>
</div>
`;

exports[`Registration snapshot Registration render correctly 1`] = `
<div
  id="forgot_password_main"
>
  <div
    id="forgot_password_main__logo_images"
  >
    <img
      id="logo"
      src="JustDoLogo.png"
    />
    <img
      id="background_image"
      src="JustDoComponent.png"
    />
  </div>
  <div
    id="forgot_password_main__components"
  >
    <a
      href="/login"
      id="arrow_link"
      onClick={[Function]}
    >
      <img
        src="ic_arrow_left.svg"
      />
    </a>
    <h1>
      Password restore
    </h1>
    <div
      id="components_helper_text"
    >
       
      Please enter and confirm your new password
       
    </div>
    <div
      id="components__input_components"
    >
      <div
        className="input_components__text_input"
      >
        <div
          className="MuiFormControl-root"
          id="textInput__passwordForm"
        >
          <div
            className="MuiInputBase-root MuiInput-root MuiInput-underline MuiInputBase-formControl MuiInput-formControl"
            onClick={[Function]}
          >
            <input
              aria-invalid={false}
              className="MuiInputBase-input MuiInput-input"
              disabled={false}
              id="password_input"
              onAnimationStart={[Function]}
              onBlur={[Function]}
              onChange={[Function]}
              onFocus={[Function]}
              placeholder="Password"
              required={false}
              type="password"
              value=""
            />
          </div>
          <div
            id="errorMessage"
          />
        </div>
        <div
          className="input_components__text_input"
        >
          <div
            className="MuiFormControl-root"
            id="textInput__passwordConfirmForm"
          >
            <div
              className="MuiInputBase-root MuiInput-root MuiInput-underline MuiInputBase-formControl MuiInput-formControl"
              onClick={[Function]}
            >
              <input
                aria-invalid={false}
                className="MuiInputBase-input MuiInput-input"
                disabled={false}
                id="password_confirm_input"
                onAnimationStart={[Function]}
                onBlur={[Function]}
                onChange={[Function]}
                onFocus={[Function]}
                placeholder="Confirm password"
                required={false}
                type="password"
                value=""
              />
            </div>
            <div
              id="errorMessage"
            />
          </div>
        </div>
        <div
          id="input_components__color_button"
        >
          <button
            className="MuiButtonBase-root MuiButton-root WithStyles(ForwardRef(Button))-root-44 MuiButton-contained MuiButton-containedPrimary"
            disabled={false}
            id="color_button"
            onBlur={[Function]}
            onClick={[Function]}
            onDragLeave={[Function]}
            onFocus={[Function]}
            onKeyDown={[Function]}
            onKeyUp={[Function]}
            onMouseDown={[Function]}
            onMouseLeave={[Function]}
            onMouseUp={[Function]}
            onTouchEnd={[Function]}
            onTouchMove={[Function]}
            onTouchStart={[Function]}
            tabIndex={0}
            type="button"
          >
            <span
              className="MuiButton-label"
            >
              Send
            </span>
          </button>
        </div>
      </div>
    </div>
  </div>
</div>
`;
