// Jest Snapshot v1, https://goo.gl/fbAQLP

exports[`Authorization snapshot Authorization render correctly 1`] = `
<div
  id="registration_main"
>
  <div
    id="registration_main__logo_images"
  >
    <img
      id="logo"
      src="JustDoLogo.png"
    />
    <img
      id="background_image"
      src="JustDoComponent.png"
    />
  </div>
  <div
    id="registration_main__components"
  >
    <h1>
      Sign in
    </h1>
    <div
      id="components__input_components"
    >
      <div
        className="input_components__text_input"
      >
        <div
          className="MuiFormControl-root"
          id="textInput__email"
        >
          <div
            className="MuiInputBase-root MuiInput-root MuiInput-underline MuiInputBase-formControl MuiInput-formControl"
            onClick={[Function]}
          >
            <input
              aria-invalid={false}
              className="MuiInputBase-input MuiInput-input"
              disabled={false}
              id="email_input"
              onAnimationStart={[Function]}
              onBlur={[Function]}
              onChange={[Function]}
              onFocus={[Function]}
              placeholder="E-mail"
              required={false}
              type="text"
              value=""
            />
          </div>
          <div
            id="errorMessage"
          />
        </div>
      </div>
      <div
        className="input_components__text_input"
      >
        <div
          className="MuiFormControl-root"
          id="textInput__passwordForm"
        >
          <div
            className="MuiInputBase-root MuiInput-root MuiInput-underline MuiInputBase-formControl MuiInput-formControl"
            onClick={[Function]}
          >
            <input
              aria-invalid={false}
              className="MuiInputBase-input MuiInput-input"
              disabled={false}
              id="password_input"
              onAnimationStart={[Function]}
              onBlur={[Function]}
              onChange={[Function]}
              onFocus={[Function]}
              placeholder="Password"
              required={false}
              type="password"
              value=""
            />
          </div>
          <div
            id="errorMessage"
          />
        </div>
      </div>
    </div>
    <div
      id="input_components__color_button"
    >
      <div
        id="input_components__password_restore"
      >
        <a
          className="MuiTypography-root MuiLink-root WithStyles(ForwardRef(Link))-root-44 MuiLink-underlineHover MuiTypography-colorPrimary"
          href="/password_restore"
          id="forgot_password"
          onBlur={[Function]}
          onFocus={[Function]}
        >
          Forgot password?
        </a>
      </div>
      <button
        className="MuiButtonBase-root MuiButton-root WithStyles(ForwardRef(Button))-root-81 MuiButton-contained MuiButton-containedPrimary"
        disabled={false}
        id="color_button"
        onBlur={[Function]}
        onClick={[Function]}
        onDragLeave={[Function]}
        onFocus={[Function]}
        onKeyDown={[Function]}
        onKeyUp={[Function]}
        onMouseDown={[Function]}
        onMouseLeave={[Function]}
        onMouseUp={[Function]}
        onTouchEnd={[Function]}
        onTouchMove={[Function]}
        onTouchStart={[Function]}
        tabIndex={0}
        type="button"
      >
        <span
          className="MuiButton-label"
        >
          Sign in
        </span>
      </button>
    </div>
    <div
      id="input_components__footer__sign_in"
    >
      <a
        className="MuiTypography-root MuiLink-root WithStyles(ForwardRef(Link))-root-44 MuiLink-underlineHover MuiTypography-colorPrimary"
        href="/registration"
        id="sign_in__link"
        onBlur={[Function]}
        onClick={[Function]}
        onFocus={[Function]}
      >
        Sign Up
      </a>
    </div>
    <div
      id="input_components__footer__agreements"
    >
      <div>
        By accessing your account, you agree to our
      </div>
      <div
        id="agreements__links"
      >
        <a
          className="MuiTypography-root MuiLink-root WithStyles(ForwardRef(Link))-root-44 MuiLink-underlineHover agreements__links__item MuiTypography-colorPrimary"
          href="/#"
          id="item__terms_conditions"
          onBlur={[Function]}
          onFocus={[Function]}
        >
          Terms conditions
        </a>
        <div
          className="agreements__links__item"
        >
           and 
        </div>
        <a
          className="MuiTypography-root MuiLink-root WithStyles(ForwardRef(Link))-root-44 MuiLink-underlineHover agreements__links__item MuiTypography-colorPrimary"
          href="/#"
          id="item__privacy_policy"
          onBlur={[Function]}
          onFocus={[Function]}
        >
          Privacy Policy
        </a>
      </div>
    </div>
  </div>
</div>
`;
